// Jest Snapshot v1, https://goo.gl/fbAQLP

exports[`renders correctly renders correctly 1`] = `
Array [
  <header
    className="header"
  >
    <nav
      className="nav-bar"
    >
      <h1
        className="title"
      >
        Math Magicians
      </h1>
      <ul
        className="nav-links"
      >
        <li
          className="nav-link-item"
        >
          <a
            className="nav-link"
            href="/"
            onClick={[Function]}
          >
            Home
          </a>
        </li>
        <li
          className="nav-link-item"
        >
          <a
            className="nav-link"
            href="/calculator"
            onClick={[Function]}
          >
            Calculator
          </a>
        </li>
        <li
          className="nav-link-item"
        >
          <a
            className="nav-link"
            href="/quotes"
            onClick={[Function]}
          >
            Quotes
          </a>
        </li>
      </ul>
    </nav>
  </header>,
  <div
    className="calculator-container"
  >
    <p
      className="calculator-text"
    >
      Let's do some math
    </p>
    <article>
      <table>
        <tbody>
          <tr>
            <td
              colSpan={4}
              id="calculator-answer-el"
            >
              <p
                aria-label="calculator-answer-p-el"
              >
                <span
                  aria-label="calculator-answer-p-span-result"
                />
                <span
                  aria-label="calculator-answer-p-span"
                />
                <span
                  aria-label="calculator-answer-p-span-next"
                >
                  0
                </span>
              </p>
            </td>
          </tr>
          <tr>
            <td
              aria-label="calculator-btn"
              onClick={[Function]}
            >
              AC
            </td>
            <td
              aria-label="calculator-btn"
              onClick={[Function]}
            >
              +/-
            </td>
            <td
              aria-label="calculator-btn"
              onClick={[Function]}
            >
              %
            </td>
            <td
              aria-label="calculator-btn"
              onClick={[Function]}
            >
              รท
            </td>
          </tr>
          <tr>
            <td
              aria-label="calculator-btn"
              onClick={[Function]}
            >
              7
            </td>
            <td
              aria-label="calculator-btn"
              onClick={[Function]}
            >
              8
            </td>
            <td
              aria-label="calculator-btn"
              onClick={[Function]}
            >
              9
            </td>
            <td
              aria-label="calculator-btn"
              onClick={[Function]}
            >
              x
            </td>
          </tr>
          <tr>
            <td
              aria-label="calculator-btn"
              onClick={[Function]}
            >
              4
            </td>
            <td
              aria-label="calculator-btn"
              onClick={[Function]}
            >
              5
            </td>
            <td
              aria-label="calculator-btn"
              onClick={[Function]}
            >
              6
            </td>
            <td
              aria-label="calculator-btn"
              onClick={[Function]}
            >
              -
            </td>
          </tr>
          <tr>
            <td
              aria-label="calculator-btn"
              onClick={[Function]}
            >
              1
            </td>
            <td
              aria-label="calculator-btn"
              onClick={[Function]}
            >
              2
            </td>
            <td
              aria-label="calculator-btn"
              onClick={[Function]}
            >
              3
            </td>
            <td
              aria-label="calculator-btn"
              onClick={[Function]}
            >
              +
            </td>
          </tr>
          <tr>
            <td
              aria-label="calculator-btn"
              className="calculator-zero-el"
              colSpan={2}
              onClick={[Function]}
            >
              0
            </td>
            <td
              aria-label="calculator-btn"
              onClick={[Function]}
            >
              .
            </td>
            <td
              aria-label="calculator-btn"
              onClick={[Function]}
            >
              =
            </td>
          </tr>
        </tbody>
      </table>
    </article>
  </div>,
]
`;
